 
****************************************
Report : area
Design : receiver_system
Version: U-2022.12
Date   : Wed Apr 15 09:30:54 2026
****************************************

Library(s) Used:

    c35_CORELIB_TYP (File: /softslin/AMS_410_ISR15/synopsys/c35_3.3V/c35_CORELIB_TYP.db)

Number of ports:                           27
Number of nets:                          1137
Number of cells:                          877
Number of combinational cells:            687
Number of sequential cells:               190
Number of macros/black boxes:               0
Number of buf/inv:                        153
Number of references:                      29

Combinational area:              90854.399887
Buf/Inv area:                     5587.400230
Noncombinational area:           62152.998291
Macro/Black Box area:                0.000000
Net Interconnect area:           21249.000000

Total cell area:                153007.398178
Total area:                     174256.398178
1
