 
****************************************
Report : power
        -analysis_effort low
Design : receiver_system
Version: U-2022.12
Date   : Wed Apr 15 09:30:54 2026
****************************************


Library(s) Used:

    c35_CORELIB_TYP (File: /softslin/AMS_410_ISR15/synopsys/c35_3.3V/c35_CORELIB_TYP.db)


Operating Conditions: nom_pvt   Library: c35_CORELIB_TYP
Wire Load Model Mode: enclosed

Design        Wire Load Model            Library
------------------------------------------------
receiver_system        10k               c35_CORELIB_TYP


Global Operating Voltage = 3.3  
Power-specific unit information :
    Voltage Units = 1V
    Capacitance Units = 1.000000pf
    Time Units = 1ns
    Dynamic Power Units = 1mW    (derived from V,C,T units)
    Leakage Power Units = 1pW


Attributes
----------
i - Including register clock pin internal power


  Cell Internal Power  =   3.8336 mW   (79%)
  Net Switching Power  = 992.1216 uW   (21%)
                         ---------
Total Dynamic Power    =   4.8258 mW  (100%)

Cell Leakage Power     =   1.0624 nW


                 Internal         Switching           Leakage            Total
Power Group      Power            Power               Power              Power   (   %    )  Attrs
--------------------------------------------------------------------------------------------------
io_pad             0.0000            0.0000            0.0000            0.0000  (   0.00%)
memory             0.0000            0.0000            0.0000            0.0000  (   0.00%)
black_box          0.0000            0.0000            0.0000            0.0000  (   0.00%)
clock_network      2.8865            0.0000            0.0000            2.8865  (  59.81%)  i
register           0.4029            0.2190          505.3860            0.6219  (  12.89%)
sequential         0.0000            0.0000            0.0000            0.0000  (   0.00%)
combinational      0.5442            0.7731          557.0632            1.3173  (  27.30%)
--------------------------------------------------------------------------------------------------
Total              3.8336 mW         0.9921 mW     1.0624e+03 pW         4.8258 mW
1
