Information: Updating design information... (UID-85)
 
****************************************
Report : timing
        -path full
        -delay max
        -max_paths 1
Design : receiver_system
Version: U-2022.12
Date   : Wed Apr 15 09:30:54 2026
****************************************

Operating Conditions: nom_pvt   Library: c35_CORELIB_TYP
Wire Load Model Mode: enclosed

  Startpoint: u_fir_i/u_delay/i_x_out_reg[0][0]
              (rising edge-triggered flip-flop clocked by CLK)
  Endpoint: u_fir_i/u_core/y_out_reg[15]
            (rising edge-triggered flip-flop clocked by CLK)
  Path Group: CLK
  Path Type: max

  Des/Clust/Port     Wire Load Model       Library
  ------------------------------------------------
  receiver_system    10k                   c35_CORELIB_TYP

  Point                                                   Incr       Path
  --------------------------------------------------------------------------
  clock CLK (rise edge)                                   0.00       0.00
  clock network delay (ideal)                             0.00       0.00
  u_fir_i/u_delay/i_x_out_reg[0][0]/C (DFEP1)             0.00       0.00 r
  u_fir_i/u_delay/i_x_out_reg[0][0]/Q (DFEP1)             0.76       0.76 f
  U219/Q (NOR20)                                          0.55       1.31 r
  U487/Q (AOI210)                                         0.70       2.01 f
  U225/Q (INV0)                                           0.75       2.75 r
  U226/Q (NOR20)                                          0.56       3.32 f
  U655/Q (AOI210)                                         0.48       3.80 r
  intadd_50/U5/S (ADD31)                                  0.70       4.50 r
  U334/Q (INV0)                                           0.29       4.79 f
  intadd_32/U9/CO (ADD31)                                 0.54       5.33 f
  intadd_32/U8/CO (ADD31)                                 0.46       5.79 f
  intadd_32/U7/CO (ADD31)                                 0.46       6.25 f
  intadd_32/U6/S (ADD31)                                  0.62       6.87 f
  U687/Q (IMAJ30)                                         0.54       7.41 r
  U690/S (ADD31)                                          0.79       8.19 r
  U283/Q (INV0)                                           0.16       8.35 f
  U689/Q (MAJ31)                                          0.36       8.71 f
  U691/Q (MAJ31)                                          0.42       9.13 f
  intadd_32/U3/CO (ADD31)                                 0.51       9.64 f
  intadd_32/U2/CO (ADD31)                                 0.55      10.19 f
  U699/Q (IMAJ30)                                         0.69      10.88 r
  U704/Q (MAJ31)                                          0.40      11.28 r
  U706/Q (IMAJ30)                                         0.30      11.58 f
  intadd_37/U2/S (ADD31)                                  0.70      12.28 r
  U317/Q (NAND20)                                         0.12      12.40 f
  U473/Q (INV0)                                           0.40      12.80 r
  u_fir_i/u_core/y_out_reg[15]/D (DF1)                    0.00      12.80 r
  data arrival time                                                 12.80

  clock CLK (rise edge)                                  20.00      20.00
  clock network delay (ideal)                             0.00      20.00
  u_fir_i/u_core/y_out_reg[15]/C (DF1)                    0.00      20.00 r
  library setup time                                     -0.01      19.99
  data required time                                                19.99
  --------------------------------------------------------------------------
  data required time                                                19.99
  data arrival time                                                -12.80
  --------------------------------------------------------------------------
  slack (MET)                                                        7.19


1
